name: Gaugamela
chapter: 03
when: 331 BC
where: the Camel's House, Assyria
who: Alexander's Macedonians vs Darius III
road: sand
fill: ,
brief: Darius chose the flattest ground in Assyria and had it graded smooth so his scythed chariots could run. Open country, no flank to hold, and nowhere at all to hide.
---
S####################################################
,,,,,,,,,,,,,,,",,,,,,,,,,,,,,,,,,,,,,,,,,,,,:,,,:,,#
,",,,",,,,,,,,,,,,,,,hh,,,,,,,,,,,,,,",,,,,,,,,,,,,,#
#####################################################
#",,,",,",,,,,,,,,,,,hh,,,,,,,,,,,,,,",,,,,,,,,::,,",
#,,,,,,,,,,,,,,,,,,,,,,,:,,",,,,,,,,,,,,,,,,,,,,,,,,,
#####################################################
,,,,,",,,,":,",,,",,,",,,,,,,,,:,",,,,,,,,,,,,,,,","#
,,,,",,,",,,,,,,,,,,,,,,,,,,,,,,,,,,,,,,",,,,,,,,,:,#
#####################################################
#,,",,,,,,,,,",",,,,,,,,,,",,,,,,,,,,,,,,,,,,,,,,,,,,
#,,,,,,,,hh,,,:,,",",,,,,,,,,,,,,,,,,,hh",,,,,,,,,,,,
####################################################E
,,",,,,,,,,,,,,,,:,,,,,,,,,,,,,,,,,",,,,,,,,,:,,,,,,,
