name: Alesia
chapter: 05
when: 52 BC
where: Mont Auxois, Gaul
who: Caesar's legions vs Vercingetorix
road: dust
brief: Caesar ringed the hill fort with eleven miles of works, then built a second ring facing outwards when the relief army came. Two walls, one army, enemies on both sides of it.
---
S####################################################
T...........................................T.......#
###################################################.#
#.........hhhhhhhhhhhhhhhhhhhhhhhhhh..............#.#
#.###############################################.#.#
#.#...hhhh=========================hhhh.........#.#.#
#.#.###########################################.#.#.#
#.#.#hh====..........................====hhh..#.#.#.#
#.#.#hE====..........................====hhh..#.#.#.#
#.#.#h#########################################.#.#.#
#.#.#.hhhh=========================hhhh.........#.#.#
#.#.#############################################.#.#
#.#.......hhhhhhhhhhhhhhhhhhhhhhhh................#.#
#.#################################################.#
#...........................................T.......#
#####################################################
