name: Kursk
chapter: 15
when: 1943
where: the Prokhorovka steppe, Russia
who: the Voronezh Front vs Army Group South
road: dust
fill: "
brief: The Soviets knew where the attack was coming and spent four months digging: belt after belt of trenches, wire and minefields across open wheat country, and then let the panzers come to them.
---
S""""""""""""##############:"""""""""""##############
#""""""""":"T#TT""""""""""#"""""""""TTT#""""":""""""#
#""""""""""TT#TTT"""""""""#"""""""""TTT#T"""""""""""#
#""""""""""""#T"""""""""""#""""""""""""#TTT""""""":"#
#"""""""""":"#""""""""""""#""""""""""""#""""""""""""#
#""":""""""""#""""""""hhhh#h"""""""""""#""""""""""""#
#""""""""""""#""""""hhhhhh#hhh"""""""""#""""""""""""#
#""""""""""""#""""""""hhhh#h"""""""""""#""""""""""""#
#""""""""""""#""""""""""""#""""""""""""#""""""""""":#
#"""""TTT""""#"""":"""""""#""""""""""""#T"""""""""""#
#""""TTTTT"""#""""""""""""#""""""""""""#TTT"""""""""#
#""""""T"""""#""""""""""""#""""""""""""#TT""""""""""#
#""""""""""""#""""""""""""#":""""""""""#""""""""""""#
##############""""""""""""##############""""""""""""E
